C:/Users/andre/Documents/Programming/STM/CounterTest/Drivers/BSP/Components/mfxstm32l152/mfxstm32l152.c:154:9:MFXSTM32L152_DeInit	0	static
C:/Users/andre/Documents/Programming/STM/CounterTest/Drivers/BSP/Components/mfxstm32l152/mfxstm32l152.c:206:9:MFXSTM32L152_WakeUp	0	static
C:/Users/andre/Documents/Programming/STM/CounterTest/Drivers/BSP/Components/mfxstm32l152/mfxstm32l152.c:1399:9:MFXSTM32L152_IDD_GetValue	24	static
C:/Users/andre/Documents/Programming/STM/CounterTest/Drivers/BSP/Components/mfxstm32l152/mfxstm32l152.c:1747:16:MFXSTM32L152_ReadRegWrap	4	static
C:/Users/andre/Documents/Programming/STM/CounterTest/Drivers/BSP/Components/mfxstm32l152/mfxstm32l152.c:1762:16:MFXSTM32L152_WriteRegWrap	4	static
C:/Users/andre/Documents/Programming/STM/CounterTest/Drivers/BSP/Components/mfxstm32l152/mfxstm32l152.c:168:9:MFXSTM32L152_Reset	16	static
C:/Users/andre/Documents/Programming/STM/CounterTest/Drivers/BSP/Components/mfxstm32l152/mfxstm32l152.c:187:9:MFXSTM32L152_LowPower	16	static
C:/Users/andre/Documents/Programming/STM/CounterTest/Drivers/BSP/Components/mfxstm32l152/mfxstm32l152.c:900:9:MFXSTM32L152_IO_ClearIT	16	static
C:/Users/andre/Documents/Programming/STM/CounterTest/Drivers/BSP/Components/mfxstm32l152/mfxstm32l152.c:1121:9:MFXSTM32L152_TS_GetXY	32	static
C:/Users/andre/Documents/Programming/STM/CounterTest/Drivers/BSP/Components/mfxstm32l152/mfxstm32l152.c:219:9:MFXSTM32L152_ReadID	24	static
C:/Users/andre/Documents/Programming/STM/CounterTest/Drivers/BSP/Components/mfxstm32l152/mfxstm32l152.c:483:9:MFXSTM32L152_IO_Start	24	static
C:/Users/andre/Documents/Programming/STM/CounterTest/Drivers/BSP/Components/mfxstm32l152/mfxstm32l152.c:1663:16:MFXSTM32L152_reg24_setPinValue	64	static
C:/Users/andre/Documents/Programming/STM/CounterTest/Drivers/BSP/Components/mfxstm32l152/mfxstm32l152.c:759:9:MFXSTM32L152_IO_ReadPin	24	static
C:/Users/andre/Documents/Programming/STM/CounterTest/Drivers/BSP/Components/mfxstm32l152/mfxstm32l152.c:866:9:MFXSTM32L152_IO_ITStatus	24	static
C:/Users/andre/Documents/Programming/STM/CounterTest/Drivers/BSP/Components/mfxstm32l152/mfxstm32l152.c:1022:9:MFXSTM32L152_TS_Start	32	static
C:/Users/andre/Documents/Programming/STM/CounterTest/Drivers/BSP/Components/mfxstm32l152/mfxstm32l152.c:1084:9:MFXSTM32L152_TS_DetectTouch	16	static
C:/Users/andre/Documents/Programming/STM/CounterTest/Drivers/BSP/Components/mfxstm32l152/mfxstm32l152.c:1217:9:MFXSTM32L152_IDD_Start	16	static
C:/Users/andre/Documents/Programming/STM/CounterTest/Drivers/BSP/Components/mfxstm32l152/mfxstm32l152.c:1248:9:MFXSTM32L152_IDD_Config	24	static
C:/Users/andre/Documents/Programming/STM/CounterTest/Drivers/BSP/Components/mfxstm32l152/mfxstm32l152.c:1504:9:MFXSTM32L152_Error_ReadSrc	16	static
C:/Users/andre/Documents/Programming/STM/CounterTest/Drivers/BSP/Components/mfxstm32l152/mfxstm32l152.c:1527:9:MFXSTM32L152_Error_ReadMsg	16	static
C:/Users/andre/Documents/Programming/STM/CounterTest/Drivers/BSP/Components/mfxstm32l152/mfxstm32l152.c:726:9:MFXSTM32L152_IO_WritePin	8	static
C:/Users/andre/Documents/Programming/STM/CounterTest/Drivers/BSP/Components/mfxstm32l152/mfxstm32l152.c:245:9:MFXSTM32L152_ReadFwVersion	16	static
C:/Users/andre/Documents/Programming/STM/CounterTest/Drivers/BSP/Components/mfxstm32l152/mfxstm32l152.c:272:9:MFXSTM32L152_EnableITSource	24	static
C:/Users/andre/Documents/Programming/STM/CounterTest/Drivers/BSP/Components/mfxstm32l152/mfxstm32l152.c:787:9:MFXSTM32L152_IO_EnableIT	8	static
C:/Users/andre/Documents/Programming/STM/CounterTest/Drivers/BSP/Components/mfxstm32l152/mfxstm32l152.c:1148:9:MFXSTM32L152_TS_EnableIT	8	static
C:/Users/andre/Documents/Programming/STM/CounterTest/Drivers/BSP/Components/mfxstm32l152/mfxstm32l152.c:1434:9:MFXSTM32L152_IDD_EnableIT	8	static
C:/Users/andre/Documents/Programming/STM/CounterTest/Drivers/BSP/Components/mfxstm32l152/mfxstm32l152.c:1551:9:MFXSTM32L152_Error_EnableIT	8	static
C:/Users/andre/Documents/Programming/STM/CounterTest/Drivers/BSP/Components/mfxstm32l152/mfxstm32l152.c:311:9:MFXSTM32L152_DisableITSource	24	static
C:/Users/andre/Documents/Programming/STM/CounterTest/Drivers/BSP/Components/mfxstm32l152/mfxstm32l152.c:805:9:MFXSTM32L152_IO_DisableIT	8	static
C:/Users/andre/Documents/Programming/STM/CounterTest/Drivers/BSP/Components/mfxstm32l152/mfxstm32l152.c:1166:9:MFXSTM32L152_TS_DisableIT	8	static
C:/Users/andre/Documents/Programming/STM/CounterTest/Drivers/BSP/Components/mfxstm32l152/mfxstm32l152.c:1481:9:MFXSTM32L152_IDD_DisableIT	8	static
C:/Users/andre/Documents/Programming/STM/CounterTest/Drivers/BSP/Components/mfxstm32l152/mfxstm32l152.c:1598:9:MFXSTM32L152_Error_DisableIT	8	static
C:/Users/andre/Documents/Programming/STM/CounterTest/Drivers/BSP/Components/mfxstm32l152/mfxstm32l152.c:351:9:MFXSTM32L152_GlobalITStatus	16	static
C:/Users/andre/Documents/Programming/STM/CounterTest/Drivers/BSP/Components/mfxstm32l152/mfxstm32l152.c:1184:9:MFXSTM32L152_TS_ITStatus	0	static
C:/Users/andre/Documents/Programming/STM/CounterTest/Drivers/BSP/Components/mfxstm32l152/mfxstm32l152.c:1470:9:MFXSTM32L152_IDD_GetITStatus	0	static
C:/Users/andre/Documents/Programming/STM/CounterTest/Drivers/BSP/Components/mfxstm32l152/mfxstm32l152.c:1587:9:MFXSTM32L152_Error_GetITStatus	0	static
C:/Users/andre/Documents/Programming/STM/CounterTest/Drivers/BSP/Components/mfxstm32l152/mfxstm32l152.c:386:9:MFXSTM32L152_ClearGlobalIT	16	static
C:/Users/andre/Documents/Programming/STM/CounterTest/Drivers/BSP/Components/mfxstm32l152/mfxstm32l152.c:1195:9:MFXSTM32L152_TS_ClearIT	8	static
C:/Users/andre/Documents/Programming/STM/CounterTest/Drivers/BSP/Components/mfxstm32l152/mfxstm32l152.c:1452:9:MFXSTM32L152_IDD_ClearIT	8	static
C:/Users/andre/Documents/Programming/STM/CounterTest/Drivers/BSP/Components/mfxstm32l152/mfxstm32l152.c:1569:9:MFXSTM32L152_Error_ClearIT	8	static
C:/Users/andre/Documents/Programming/STM/CounterTest/Drivers/BSP/Components/mfxstm32l152/mfxstm32l152.c:407:9:MFXSTM32L152_SetIrqOutPinPolarity	24	static
C:/Users/andre/Documents/Programming/STM/CounterTest/Drivers/BSP/Components/mfxstm32l152/mfxstm32l152.c:443:9:MFXSTM32L152_SetIrqOutPinType	24	static
C:/Users/andre/Documents/Programming/STM/CounterTest/Drivers/BSP/Components/mfxstm32l152/mfxstm32l152.c:123:9:MFXSTM32L152_Init	8	static
C:/Users/andre/Documents/Programming/STM/CounterTest/Drivers/BSP/Components/mfxstm32l152/mfxstm32l152.c:658:9:MFXSTM32L152_IO_InitPin	8	static
C:/Users/andre/Documents/Programming/STM/CounterTest/Drivers/BSP/Components/mfxstm32l152/mfxstm32l152.c:681:9:MFXSTM32L152_IO_SetIrqEvtMode	8	static
C:/Users/andre/Documents/Programming/STM/CounterTest/Drivers/BSP/Components/mfxstm32l152/mfxstm32l152.c:705:9:MFXSTM32L152_IO_SetIrqTypeMode	8	static
C:/Users/andre/Documents/Programming/STM/CounterTest/Drivers/BSP/Components/mfxstm32l152/mfxstm32l152.c:826:9:MFXSTM32L152_IO_EnablePinIT	8	static
C:/Users/andre/Documents/Programming/STM/CounterTest/Drivers/BSP/Components/mfxstm32l152/mfxstm32l152.c:846:9:MFXSTM32L152_IO_DisablePinIT	8	static
C:/Users/andre/Documents/Programming/STM/CounterTest/Drivers/BSP/Components/mfxstm32l152/mfxstm32l152.c:532:9:MFXSTM32L152_IO_Init	16	static
C:/Users/andre/Documents/Programming/STM/CounterTest/Drivers/BSP/Components/mfxstm32l152/mfxstm32l152.c:943:9:MFXSTM32L152_IO_EnableAF	16	static
C:/Users/andre/Documents/Programming/STM/CounterTest/Drivers/BSP/Components/mfxstm32l152/mfxstm32l152.c:980:9:MFXSTM32L152_IO_DisableAF	16	static
C:/Users/andre/Documents/Programming/STM/CounterTest/Drivers/BSP/Components/mfxstm32l152/mfxstm32l152.c:1365:9:MFXSTM32L152_IDD_ConfigShuntNbLimit	24	static
C:/Users/andre/Documents/Programming/STM/CounterTest/Drivers/BSP/Components/mfxstm32l152/mfxstm32l152.c:1416:9:MFXSTM32L152_IDD_GetShuntUsed	16	static
C:/Users/andre/Documents/Programming/STM/CounterTest/Drivers/BSP/Components/mfxstm32l152/mfxstm32l152.c:1616:9:MFXSTM32L152_RegisterBusIO	0	static
