C:/Users/andre/Documents/Programming/STM/CounterTest/TouchGFX/Target/TouchGFXGPIO.cpp:75:6:static void touchgfx::GPIO::set(touchgfx::GPIO::GPIO_ID)	0	static
C:/Users/andre/Documents/Programming/STM/CounterTest/TouchGFX/Target/TouchGFXGPIO.cpp:105:6:static void touchgfx::GPIO::clear(touchgfx::GPIO::GPIO_ID)	0	static
C:/Users/andre/Documents/Programming/STM/CounterTest/TouchGFX/Target/TouchGFXGPIO.cpp:135:6:static void touchgfx::GPIO::toggle(touchgfx::GPIO::GPIO_ID)	0	static
C:/Users/andre/Documents/Programming/STM/CounterTest/TouchGFX/Target/TouchGFXGPIO.cpp:165:6:static bool touchgfx::GPIO::get(touchgfx::GPIO::GPIO_ID)	8	static
C:/Users/andre/Documents/Programming/STM/CounterTest/TouchGFX/Target/TouchGFXGPIO.cpp:58:6:static void touchgfx::GPIO::init()	16	static
