C:/Users/andre/Documents/Programming/STM/CounterTest/Drivers/BSP/STM32H7B3I-EVAL/stm32h7b3i_eval.c:172:9:BSP_GetVersion	0	static
C:/Users/andre/Documents/Programming/STM/CounterTest/Drivers/BSP/STM32H7B3I-EVAL/stm32h7b3i_eval.c:181:16:BSP_GetBoardName	0	static
C:/Users/andre/Documents/Programming/STM/CounterTest/Drivers/BSP/STM32H7B3I-EVAL/stm32h7b3i_eval.c:190:16:BSP_GetBoardID	0	static
C:/Users/andre/Documents/Programming/STM/CounterTest/Drivers/BSP/STM32H7B3I-EVAL/stm32h7b3i_eval.c:205:9:BSP_LED_Init	40	static
C:/Users/andre/Documents/Programming/STM/CounterTest/Drivers/BSP/STM32H7B3I-EVAL/stm32h7b3i_eval.c:262:9:BSP_LED_DeInit	24	static
C:/Users/andre/Documents/Programming/STM/CounterTest/Drivers/BSP/STM32H7B3I-EVAL/stm32h7b3i_eval.c:311:9:BSP_LED_On	8	static
C:/Users/andre/Documents/Programming/STM/CounterTest/Drivers/BSP/STM32H7B3I-EVAL/stm32h7b3i_eval.c:341:9:BSP_LED_Off	8	static
C:/Users/andre/Documents/Programming/STM/CounterTest/Drivers/BSP/STM32H7B3I-EVAL/stm32h7b3i_eval.c:370:9:BSP_LED_Toggle	8	static
C:/Users/andre/Documents/Programming/STM/CounterTest/Drivers/BSP/STM32H7B3I-EVAL/stm32h7b3i_eval.c:399:9:BSP_LED_GetState	8	static
C:/Users/andre/Documents/Programming/STM/CounterTest/Drivers/BSP/STM32H7B3I-EVAL/stm32h7b3i_eval.c:433:9:BSP_PB_Init	56	static
C:/Users/andre/Documents/Programming/STM/CounterTest/Drivers/BSP/STM32H7B3I-EVAL/stm32h7b3i_eval.c:507:9:BSP_PB_DeInit	16	static
C:/Users/andre/Documents/Programming/STM/CounterTest/Drivers/BSP/STM32H7B3I-EVAL/stm32h7b3i_eval.c:527:9:BSP_PB_GetState	8	static
C:/Users/andre/Documents/Programming/STM/CounterTest/Drivers/BSP/STM32H7B3I-EVAL/stm32h7b3i_eval.c:537:6:BSP_PB_IRQHandler	0	static
C:/Users/andre/Documents/Programming/STM/CounterTest/Drivers/BSP/STM32H7B3I-EVAL/stm32h7b3i_eval.c:547:13:BSP_PB_Callback	0	static
C:/Users/andre/Documents/Programming/STM/CounterTest/Drivers/BSP/STM32H7B3I-EVAL/stm32h7b3i_eval.c:1282:13:BUTTON_USER_EXTI_Callback	8	static
C:/Users/andre/Documents/Programming/STM/CounterTest/Drivers/BSP/STM32H7B3I-EVAL/stm32h7b3i_eval.c:1273:13:BUTTON_TAMPER_EXTI_Callback	8	static
C:/Users/andre/Documents/Programming/STM/CounterTest/Drivers/BSP/STM32H7B3I-EVAL/stm32h7b3i_eval.c:1264:13:BUTTON_WAKEUP_EXTI_Callback	8	static
C:/Users/andre/Documents/Programming/STM/CounterTest/Drivers/BSP/STM32H7B3I-EVAL/stm32h7b3i_eval.c:992:9:BSP_JOY_Init	88	static
C:/Users/andre/Documents/Programming/STM/CounterTest/Drivers/BSP/STM32H7B3I-EVAL/stm32h7b3i_eval.c:1097:9:BSP_JOY_DeInit	32	static
C:/Users/andre/Documents/Programming/STM/CounterTest/Drivers/BSP/STM32H7B3I-EVAL/stm32h7b3i_eval.c:1150:6:BSP_JOY_IRQHandler	0	static,ignoring_inline_asm
C:/Users/andre/Documents/Programming/STM/CounterTest/Drivers/BSP/STM32H7B3I-EVAL/stm32h7b3i_eval.c:1164:13:BSP_JOY_Callback	0	static
C:/Users/andre/Documents/Programming/STM/CounterTest/Drivers/BSP/STM32H7B3I-EVAL/stm32h7b3i_eval.c:1217:13:JOY1_UP_EXTI_Callback	8	static
C:/Users/andre/Documents/Programming/STM/CounterTest/Drivers/BSP/STM32H7B3I-EVAL/stm32h7b3i_eval.c:1253:13:JOY1_RIGHT_EXTI_Callback	8	static
C:/Users/andre/Documents/Programming/STM/CounterTest/Drivers/BSP/STM32H7B3I-EVAL/stm32h7b3i_eval.c:1235:13:JOY1_SEL_EXTI_Callback	0	static
C:/Users/andre/Documents/Programming/STM/CounterTest/Drivers/BSP/STM32H7B3I-EVAL/stm32h7b3i_eval.c:1244:13:JOY1_LEFT_EXTI_Callback	8	static
C:/Users/andre/Documents/Programming/STM/CounterTest/Drivers/BSP/STM32H7B3I-EVAL/stm32h7b3i_eval.c:1226:13:JOY1_DOWN_EXTI_Callback	8	static
C:/Users/andre/Documents/Programming/STM/CounterTest/Drivers/BSP/STM32H7B3I-EVAL/stm32h7b3i_eval.c:1185:9:BSP_JOY_GetState	32	static
