C:/Users/andre/Documents/Programming/STM/CounterTest/Drivers/BSP/STM32H7B3I-EVAL/stm32h7b3i_eval_io.c:106:9:BSP_IOEXPANDER_Init	56	static
C:/Users/andre/Documents/Programming/STM/CounterTest/Drivers/BSP/STM32H7B3I-EVAL/stm32h7b3i_eval_io.c:143:9:BSP_IOEXPANDER_DeInit	16	static
C:/Users/andre/Documents/Programming/STM/CounterTest/Drivers/BSP/STM32H7B3I-EVAL/stm32h7b3i_eval_io.c:229:9:BSP_IO_DeInit	0	static
C:/Users/andre/Documents/Programming/STM/CounterTest/Drivers/BSP/STM32H7B3I-EVAL/stm32h7b3i_eval_io.c:257:9:BSP_IO_GetIT	0	static
C:/Users/andre/Documents/Programming/STM/CounterTest/Drivers/BSP/STM32H7B3I-EVAL/stm32h7b3i_eval_io.c:274:9:BSP_IO_ClearIT	8	static
C:/Users/andre/Documents/Programming/STM/CounterTest/Drivers/BSP/STM32H7B3I-EVAL/stm32h7b3i_eval_io.c:303:9:BSP_IO_WritePin	8	static
C:/Users/andre/Documents/Programming/STM/CounterTest/Drivers/BSP/STM32H7B3I-EVAL/stm32h7b3i_eval_io.c:329:9:BSP_IO_ReadPin	0	static
C:/Users/andre/Documents/Programming/STM/CounterTest/Drivers/BSP/STM32H7B3I-EVAL/stm32h7b3i_eval_io.c:347:9:BSP_IO_TogglePin	16	static
C:/Users/andre/Documents/Programming/STM/CounterTest/Drivers/BSP/STM32H7B3I-EVAL/stm32h7b3i_eval_io.c:390:6:BSP_IOEXPANDER_ITConfig	40	static
C:/Users/andre/Documents/Programming/STM/CounterTest/Drivers/BSP/STM32H7B3I-EVAL/stm32h7b3i_eval_io.c:179:9:BSP_IO_Init	16	static
C:/Users/andre/Documents/Programming/STM/CounterTest/Drivers/BSP/STM32H7B3I-EVAL/stm32h7b3i_eval_io.c:421:6:BSP_IO_IRQHandler	0	static
C:/Users/andre/Documents/Programming/STM/CounterTest/Drivers/BSP/STM32H7B3I-EVAL/stm32h7b3i_eval_io.c:434:13:BSP_IO_Callback	0	static
C:/Users/andre/Documents/Programming/STM/CounterTest/Drivers/BSP/STM32H7B3I-EVAL/stm32h7b3i_eval_io.c:507:13:IO_EXTI_Callback	8	static
