C:/Users/andre/Documents/Programming/STM/CounterTest/Drivers/BSP/STM32H7B3I-EVAL/stm32h7b3i_eval_ts.c:127:9:BSP_TS_Init	56	static
C:/Users/andre/Documents/Programming/STM/CounterTest/Drivers/BSP/STM32H7B3I-EVAL/stm32h7b3i_eval_ts.c:180:9:BSP_TS_DeInit	8	static
C:/Users/andre/Documents/Programming/STM/CounterTest/Drivers/BSP/STM32H7B3I-EVAL/stm32h7b3i_eval_ts.c:205:9:BSP_TS_GetCapabilities	8	static
C:/Users/andre/Documents/Programming/STM/CounterTest/Drivers/BSP/STM32H7B3I-EVAL/stm32h7b3i_eval_ts.c:226:9:BSP_TS_EnableIT	32	static
C:/Users/andre/Documents/Programming/STM/CounterTest/Drivers/BSP/STM32H7B3I-EVAL/stm32h7b3i_eval_ts.c:276:9:BSP_TS_DisableIT	8	static
C:/Users/andre/Documents/Programming/STM/CounterTest/Drivers/BSP/STM32H7B3I-EVAL/stm32h7b3i_eval_ts.c:308:13:BSP_TS_Callback	0	static
C:/Users/andre/Documents/Programming/STM/CounterTest/Drivers/BSP/STM32H7B3I-EVAL/stm32h7b3i_eval_ts.c:672:13:TS_EXTI_Callback	8	static
C:/Users/andre/Documents/Programming/STM/CounterTest/Drivers/BSP/STM32H7B3I-EVAL/stm32h7b3i_eval_ts.c:323:9:BSP_TS_GetState	40	static
C:/Users/andre/Documents/Programming/STM/CounterTest/Drivers/BSP/STM32H7B3I-EVAL/stm32h7b3i_eval_ts.c:409:9:BSP_TS_Get_MultiTouchState	176	static
C:/Users/andre/Documents/Programming/STM/CounterTest/Drivers/BSP/STM32H7B3I-EVAL/stm32h7b3i_eval_ts.c:507:9:BSP_TS_GestureConfig	8	static
C:/Users/andre/Documents/Programming/STM/CounterTest/Drivers/BSP/STM32H7B3I-EVAL/stm32h7b3i_eval_ts.c:532:9:BSP_TS_GetGestureId	24	static
C:/Users/andre/Documents/Programming/STM/CounterTest/Drivers/BSP/STM32H7B3I-EVAL/stm32h7b3i_eval_ts.c:587:9:BSP_TS_Set_Orientation	0	static
C:/Users/andre/Documents/Programming/STM/CounterTest/Drivers/BSP/STM32H7B3I-EVAL/stm32h7b3i_eval_ts.c:599:9:BSP_TS_Get_Orientation	0	static
C:/Users/andre/Documents/Programming/STM/CounterTest/Drivers/BSP/STM32H7B3I-EVAL/stm32h7b3i_eval_ts.c:610:6:BSP_TS_IRQHandler	0	static
