C:/Users/andre/Documents/Programming/STM/CounterTest/Core/Src/stm32h7xx_hal_msp.c:64:6:HAL_MspInit	8	static
C:/Users/andre/Documents/Programming/STM/CounterTest/Core/Src/stm32h7xx_hal_msp.c:87:6:HAL_CRC_MspInit	8	static
C:/Users/andre/Documents/Programming/STM/CounterTest/Core/Src/stm32h7xx_hal_msp.c:109:6:HAL_CRC_MspDeInit	0	static
C:/Users/andre/Documents/Programming/STM/CounterTest/Core/Src/stm32h7xx_hal_msp.c:131:6:HAL_DMA2D_MspInit	16	static
C:/Users/andre/Documents/Programming/STM/CounterTest/Core/Src/stm32h7xx_hal_msp.c:156:6:HAL_DMA2D_MspDeInit	0	static
C:/Users/andre/Documents/Programming/STM/CounterTest/Core/Src/stm32h7xx_hal_msp.c:181:6:HAL_LTDC_MspInit	248	static
C:/Users/andre/Documents/Programming/STM/CounterTest/Core/Src/stm32h7xx_hal_msp.c:283:6:HAL_LTDC_MspDeInit	8	static
C:/Users/andre/Documents/Programming/STM/CounterTest/Core/Src/stm32h7xx_hal_msp.c:340:6:HAL_OSPI_MspInit	272	static
C:/Users/andre/Documents/Programming/STM/CounterTest/Core/Src/stm32h7xx_hal_msp.c:447:6:HAL_OSPI_MspDeInit	8	static
C:/Users/andre/Documents/Programming/STM/CounterTest/Core/Src/stm32h7xx_hal_msp.c:640:6:HAL_SDRAM_MspInit	232	static
C:/Users/andre/Documents/Programming/STM/CounterTest/Core/Src/stm32h7xx_hal_msp.c:751:6:HAL_SDRAM_MspDeInit	8	static
